Traceback (most recent call last):
  File "/Users/farazshah/Programming/musical/backend/.venv/lib/python3.13/site-packages/yt_dlp/YoutubeDL.py", line 1726, in wrapper
    return func(self, *args, **kwargs)
  File "/Users/farazshah/Programming/musical/backend/.venv/lib/python3.13/site-packages/yt_dlp/YoutubeDL.py", line 1861, in __extract_info
    ie_result = ie.extract(url)
  File "/Users/farazshah/Programming/musical/backend/.venv/lib/python3.13/site-packages/yt_dlp/extractor/common.py", line 763, in extract
    ie_result = self._real_extract(url)
  File "/Users/farazshah/Programming/musical/backend/.venv/lib/python3.13/site-packages/yt_dlp/extractor/youtube/_video.py", line 4061, in _real_extract
    self.raise_no_formats(reason, expected=True)
    ~~~~~~~~~~~~~~~~~~~~~^^^^^^^^^^^^^^^^^^^^^^^
  File "/Users/farazshah/Programming/musical/backend/.venv/lib/python3.13/site-packages/yt_dlp/extractor/common.py", line 1275, in raise_no_formats
    raise ExtractorError(msg, expected=expected, video_id=video_id)
yt_dlp.utils.ExtractorError: [youtube] 6ISIAgwzRX8: This content isn't available, try again later. The current session has been rate-limited by YouTube for up to an hour. It is recommended to use `-t sleep` to add a delay between video requests to avoid exceeding the rate limit. For more information, refer to  https://github.com/yt-dlp/yt-dlp/wiki/Extractors#this-content-isnt-available-try-again-later

During handling of the above exception, another exception occurred:

Traceback (most recent call last):
  File "/Users/farazshah/Programming/musical/backend/main.py", line 96, in process
    meta = youtube.get_metadata(req.url)
  File "/Users/farazshah/Programming/musical/backend/youtube.py", line 21, in get_metadata
    info = ydl.extract_info(url, download=False)
  File "/Users/farazshah/Programming/musical/backend/.venv/lib/python3.13/site-packages/yt_dlp/YoutubeDL.py", line 1715, in extract_info
    return self.__extract_info(url, self.get_info_extractor(key), download, extra_info, process)
           ~~~~~~~~~~~~~~~~~~~^^^^^^^^^^^^^^^^^^^^^^^^^^^^^^^^^^^^^^^^^^^^^^^^^^^^^^^^^^^^^^^^^^
  File "/Users/farazshah/Programming/musical/backend/.venv/lib/python3.13/site-packages/yt_dlp/YoutubeDL.py", line 1726, in wrapper
    return func(self, *args, **kwargs)
  File "/Users/farazshah/Programming/musical/backend/.venv/lib/python3.13/site-packages/yt_dlp/YoutubeDL.py", line 1882, in __extract_info
    return self.process_ie_result(ie_result, download, extra_info)
           ~~~~~~~~~~~~~~~~~~~~~~^^^^^^^^^^^^^^^^^^^^^^^^^^^^^^^^^
  File "/Users/farazshah/Programming/musical/backend/.venv/lib/python3.13/site-packages/yt_dlp/YoutubeDL.py", line 2011, in process_ie_result
    return self.__process_playlist(ie_result, download)
           ~~~~~~~~~~~~~~~~~~~~~~~^^^^^^^^^^^^^^^^^^^^^
  File "/Users/farazshah/Programming/musical/backend/.venv/lib/python3.13/site-packages/yt_dlp/YoutubeDL.py", line 2159, in __process_playlist
    entry_result = self.__process_iterable_entry(entry, download, collections.ChainMap({
        'playlist_index': playlist_index,
        'playlist_autonumber': i + 1,
    }, extra))
  File "/Users/farazshah/Programming/musical/backend/.venv/lib/python3.13/site-packages/yt_dlp/YoutubeDL.py", line 1726, in wrapper
    return func(self, *args, **kwargs)
  File "/Users/farazshah/Programming/musical/backend/.venv/lib/python3.13/site-packages/yt_dlp/YoutubeDL.py", line 2191, in __process_iterable_entry
    return self.process_ie_result(
           ~~~~~~~~~~~~~~~~~~~~~~^
        entry, download=download, extra_info=extra_info)
        ^^^^^^^^^^^^^^^^^^^^^^^^^^^^^^^^^^^^^^^^^^^^^^^^
  File "/Users/farazshah/Programming/musical/backend/.venv/lib/python3.13/site-packages/yt_dlp/YoutubeDL.py", line 1961, in process_ie_result
    return self.extract_info(
           ~~~~~~~~~~~~~~~~~^
        ie_result['url'], download,
        ^^^^^^^^^^^^^^^^^^^^^^^^^^^
        ie_key=ie_result.get('ie_key'),
        ^^^^^^^^^^^^^^^^^^^^^^^^^^^^^^^
        extra_info=extra_info)
        ^^^^^^^^^^^^^^^^^^^^^^
  File "/Users/farazshah/Programming/musical/backend/.venv/lib/python3.13/site-packages/yt_dlp/YoutubeDL.py", line 1715, in extract_info
    return self.__extract_info(url, self.get_info_extractor(key), download, extra_info, process)
           ~~~~~~~~~~~~~~~~~~~^^^^^^^^^^^^^^^^^^^^^^^^^^^^^^^^^^^^^^^^^^^^^^^^^^^^^^^^^^^^^^^^^^
  File "/Users/farazshah/Programming/musical/backend/.venv/lib/python3.13/site-packages/yt_dlp/YoutubeDL.py", line 1744, in wrapper
    self.report_error(str(e), e.format_traceback())
    ~~~~~~~~~~~~~~~~~^^^^^^^^^^^^^^^^^^^^^^^^^^^^^^
  File "/Users/farazshah/Programming/musical/backend/.venv/lib/python3.13/site-packages/yt_dlp/YoutubeDL.py", line 1160, in report_error
    self.trouble(f'{self._format_err("ERROR:", self.Styles.ERROR)} {message}', *args, **kwargs)
    ~~~~~~~~~~~~^^^^^^^^^^^^^^^^^^^^^^^^^^^^^^^^^^^^^^^^^^^^^^^^^^^^^^^^^^^^^^^^^^^^^^^^^^^^^^^
  File "/Users/farazshah/Programming/musical/backend/.venv/lib/python3.13/site-packages/yt_dlp/YoutubeDL.py", line 1099, in trouble
    raise DownloadError(message, exc_info)
yt_dlp.utils.DownloadError: [0;31mERROR:[0m [youtube] 6ISIAgwzRX8: This content isn't available, try again later. The current session has been rate-limited by YouTube for up to an hour. It is recommended to use `-t sleep` to add a delay between video requests to avoid exceeding the rate limit. For more information, refer to  https://github.com/yt-dlp/yt-dlp/wiki/Extractors#this-content-isnt-available-try-again-later

